The target system is: Windows -  - x86_64
The host system is: Linux - 6.8.0-138-generic - x86_64
Compiling the CXX compiler identification source file "CMakeCXXCompilerId.cpp" succeeded.
Compiler: /home/ricz/.local/share/dh-toolchains/llvm-mingw-20260908-ucrt-ubuntu-22.04-x86_64/bin/x86_64-w64-mingw32-clang++ 
Build flags: 
Id flags:  

The output was:
0


Compilation of the CXX compiler identification source "CMakeCXXCompilerId.cpp" produced "a.exe"

The CXX compiler identification is Clang, found in "/home/ricz/Ricz/Projetos/IntelliGames/Dragon Heroes/sim/build-windows/CMakeFiles/3.22.1/CompilerIdCXX/a.exe"

Detecting CXX compiler ABI info compiled with the following output:
Change Dir: /home/ricz/Ricz/Projetos/IntelliGames/Dragon Heroes/sim/build-windows/CMakeFiles/CMakeTmp

Run Build Command(s):/usr/bin/gmake -f Makefile cmTC_cde25/fast && /usr/bin/gmake  -f CMakeFiles/cmTC_cde25.dir/build.make CMakeFiles/cmTC_cde25.dir/build
gmake[1]: Entering directory '/home/ricz/Ricz/Projetos/IntelliGames/Dragon Heroes/sim/build-windows/CMakeFiles/CMakeTmp'
Building CXX object CMakeFiles/cmTC_cde25.dir/CMakeCXXCompilerABI.cpp.obj
/home/ricz/.local/share/dh-toolchains/llvm-mingw-20260908-ucrt-ubuntu-22.04-x86_64/bin/x86_64-w64-mingw32-clang++   -v -MD -MT CMakeFiles/cmTC_cde25.dir/CMakeCXXCompilerABI.cpp.obj -MF CMakeFiles/cmTC_cde25.dir/CMakeCXXCompilerABI.cpp.obj.d -o CMakeFiles/cmTC_cde25.dir/CMakeCXXCompilerABI.cpp.obj -c /usr/share/cmake-3.22/Modules/CMakeCXXCompilerABI.cpp
clang version 23.1.1 (https://github.com/llvm/llvm-project.git 6dfe1677ab8dffbc6ec13d53a1e0215d75147689)
Target: x86_64-w64-windows-gnu
Thread model: posix
InstalledDir: /home/ricz/.local/share/dh-toolchains/llvm-mingw-20260908-ucrt-ubuntu-22.04-x86_64/bin
Configuration file: /home/ricz/.local/share/dh-toolchains/llvm-mingw-20260908-ucrt-ubuntu-22.04-x86_64/bin/x86_64-w64-windows-gnu.cfg
 (in-process)
 "/home/ricz/.local/share/dh-toolchains/llvm-mingw-20260908-ucrt-ubuntu-22.04-x86_64/bin/clang-23" -cc1 -triple x86_64-w64-windows-gnu -emit-obj -disable-free -clear-ast-before-backend -disable-llvm-verifier -discard-value-names -main-file-name CMakeCXXCompilerABI.cpp -mrelocation-model pic -pic-level 2 -mframe-pointer=none -fmath-errno -ffp-contract=on -fno-rounding-math -mconstructor-aliases -funwind-tables=2 -fno-sized-deallocation -fno-use-init-array -target-cpu x86-64 -tune-cpu generic -debugger-tuning=gdb "-fdebug-compilation-dir=/home/ricz/Ricz/Projetos/IntelliGames/Dragon Heroes/sim/build-windows/CMakeFiles/CMakeTmp" -v "-fcoverage-compilation-dir=/home/ricz/Ricz/Projetos/IntelliGames/Dragon Heroes/sim/build-windows/CMakeFiles/CMakeTmp" -resource-dir /home/ricz/.local/share/dh-toolchains/llvm-mingw-20260908-ucrt-ubuntu-22.04-x86_64/lib/clang/23 -dependency-file CMakeFiles/cmTC_cde25.dir/CMakeCXXCompilerABI.cpp.obj.d -MT CMakeFiles/cmTC_cde25.dir/CMakeCXXCompilerABI.cpp.obj -sys-header-deps -internal-isystem /home/ricz/.local/share/dh-toolchains/llvm-mingw-20260908-ucrt-ubuntu-22.04-x86_64/x86_64-w64-mingw32/include/c++/v1 -internal-isystem /home/ricz/.local/share/dh-toolchains/llvm-mingw-20260908-ucrt-ubuntu-22.04-x86_64/include/c++/v1 -internal-isystem /home/ricz/.local/share/dh-toolchains/llvm-mingw-20260908-ucrt-ubuntu-22.04-x86_64/lib/clang/23/include -internal-isystem /home/ricz/.local/share/dh-toolchains/llvm-mingw-20260908-ucrt-ubuntu-22.04-x86_64/x86_64-w64-mingw32/include -internal-isystem /home/ricz/.local/share/dh-toolchains/llvm-mingw-20260908-ucrt-ubuntu-22.04-x86_64/x86_64-w64-mingw32/usr/include -fdeprecated-macro -ferror-limit 19 -fno-use-cxa-atexit -fgnuc-version=4.2.1 -fskip-odr-check-in-gmf -fcxx-exceptions -fexceptions -exception-model=seh -faddrsig -o CMakeFiles/cmTC_cde25.dir/CMakeCXXCompilerABI.cpp.obj -x c++ /usr/share/cmake-3.22/Modules/CMakeCXXCompilerABI.cpp
clang -cc1 version 23.1.1 based upon LLVM 23.1.1 default target x86_64-unknown-linux-gnu
ignoring nonexistent directory "/home/ricz/.local/share/dh-toolchains/llvm-mingw-20260908-ucrt-ubuntu-22.04-x86_64/include/c++/v1"
ignoring nonexistent directory "/home/ricz/.local/share/dh-toolchains/llvm-mingw-20260908-ucrt-ubuntu-22.04-x86_64/x86_64-w64-mingw32/usr/include"
#include "..." search starts here:
#include <...> search starts here:
 /home/ricz/.local/share/dh-toolchains/llvm-mingw-20260908-ucrt-ubuntu-22.04-x86_64/x86_64-w64-mingw32/include/c++/v1
 /home/ricz/.local/share/dh-toolchains/llvm-mingw-20260908-ucrt-ubuntu-22.04-x86_64/lib/clang/23/include
 /home/ricz/.local/share/dh-toolchains/llvm-mingw-20260908-ucrt-ubuntu-22.04-x86_64/x86_64-w64-mingw32/include
End of search list.
Linking CXX executable cmTC_cde25.exe
/usr/bin/cmake -E cmake_link_script CMakeFiles/cmTC_cde25.dir/link.txt --verbose=1
/usr/bin/cmake -E rm -f CMakeFiles/cmTC_cde25.dir/objects.a
/home/ricz/.local/share/dh-toolchains/llvm-mingw-20260908-ucrt-ubuntu-22.04-x86_64/bin/x86_64-w64-mingw32-llvm-ar qc CMakeFiles/cmTC_cde25.dir/objects.a @CMakeFiles/cmTC_cde25.dir/objects1.rsp
/home/ricz/.local/share/dh-toolchains/llvm-mingw-20260908-ucrt-ubuntu-22.04-x86_64/bin/x86_64-w64-mingw32-clang++  -v -Wl,--whole-archive CMakeFiles/cmTC_cde25.dir/objects.a -Wl,--no-whole-archive -o cmTC_cde25.exe -Wl,--out-implib,libcmTC_cde25.dll.a -Wl,--major-image-version,0,--minor-image-version,0 
clang version 23.1.1 (https://github.com/llvm/llvm-project.git 6dfe1677ab8dffbc6ec13d53a1e0215d75147689)
Target: x86_64-w64-windows-gnu
Thread model: posix
InstalledDir: /home/ricz/.local/share/dh-toolchains/llvm-mingw-20260908-ucrt-ubuntu-22.04-x86_64/bin
Configuration file: /home/ricz/.local/share/dh-toolchains/llvm-mingw-20260908-ucrt-ubuntu-22.04-x86_64/bin/x86_64-w64-windows-gnu.cfg
 "/home/ricz/.local/share/dh-toolchains/llvm-mingw-20260908-ucrt-ubuntu-22.04-x86_64/bin/ld.lld" -m i386pep -Bdynamic -o cmTC_cde25.exe /home/ricz/.local/share/dh-toolchains/llvm-mingw-20260908-ucrt-ubuntu-22.04-x86_64/x86_64-w64-mingw32/lib/crt2.o /home/ricz/.local/share/dh-toolchains/llvm-mingw-20260908-ucrt-ubuntu-22.04-x86_64/x86_64-w64-mingw32/lib/crtbegin.o -L/home/ricz/.local/share/dh-toolchains/llvm-mingw-20260908-ucrt-ubuntu-22.04-x86_64/x86_64-w64-mingw32/lib -L/home/ricz/.local/share/dh-toolchains/llvm-mingw-20260908-ucrt-ubuntu-22.04-x86_64/x86_64-w64-mingw32/mingw/lib -L/home/ricz/.local/share/dh-toolchains/llvm-mingw-20260908-ucrt-ubuntu-22.04-x86_64/lib/clang/23/lib/windows --whole-archive CMakeFiles/cmTC_cde25.dir/objects.a --no-whole-archive --out-implib libcmTC_cde25.dll.a --major-image-version 0 --minor-image-version 0 -lc++ -lmingw32 /home/ricz/.local/share/dh-toolchains/llvm-mingw-20260908-ucrt-ubuntu-22.04-x86_64/lib/clang/23/lib/windows/libclang_rt.builtins-x86_64.a -lunwind -lmoldname -lmingwex -lmsvcrt -ladvapi32 -lshell32 -luser32 -lkernel32 -lmingw32 /home/ricz/.local/share/dh-toolchains/llvm-mingw-20260908-ucrt-ubuntu-22.04-x86_64/lib/clang/23/lib/windows/libclang_rt.builtins-x86_64.a -lunwind -lmoldname -lmingwex -lmsvcrt -lkernel32 /home/ricz/.local/share/dh-toolchains/llvm-mingw-20260908-ucrt-ubuntu-22.04-x86_64/x86_64-w64-mingw32/lib/crtend.o
gmake[1]: Leaving directory '/home/ricz/Ricz/Projetos/IntelliGames/Dragon Heroes/sim/build-windows/CMakeFiles/CMakeTmp'



Parsed CXX implicit include dir info from above output: rv=done
  found start of include info
  found start of implicit include info
    add: [/home/ricz/.local/share/dh-toolchains/llvm-mingw-20260908-ucrt-ubuntu-22.04-x86_64/x86_64-w64-mingw32/include/c++/v1]
    add: [/home/ricz/.local/share/dh-toolchains/llvm-mingw-20260908-ucrt-ubuntu-22.04-x86_64/lib/clang/23/include]
    add: [/home/ricz/.local/share/dh-toolchains/llvm-mingw-20260908-ucrt-ubuntu-22.04-x86_64/x86_64-w64-mingw32/include]
  end of search list found
  collapse include dir [/home/ricz/.local/share/dh-toolchains/llvm-mingw-20260908-ucrt-ubuntu-22.04-x86_64/x86_64-w64-mingw32/include/c++/v1] ==> [/home/ricz/.local/share/dh-toolchains/llvm-mingw-20260908-ucrt-ubuntu-22.04-x86_64/x86_64-w64-mingw32/include/c++/v1]
  collapse include dir [/home/ricz/.local/share/dh-toolchains/llvm-mingw-20260908-ucrt-ubuntu-22.04-x86_64/lib/clang/23/include] ==> [/home/ricz/.local/share/dh-toolchains/llvm-mingw-20260908-ucrt-ubuntu-22.04-x86_64/lib/clang/23/include]
  collapse include dir [/home/ricz/.local/share/dh-toolchains/llvm-mingw-20260908-ucrt-ubuntu-22.04-x86_64/x86_64-w64-mingw32/include] ==> [/home/ricz/.local/share/dh-toolchains/llvm-mingw-20260908-ucrt-ubuntu-22.04-x86_64/x86_64-w64-mingw32/include]
  implicit include dirs: [/home/ricz/.local/share/dh-toolchains/llvm-mingw-20260908-ucrt-ubuntu-22.04-x86_64/x86_64-w64-mingw32/include/c++/v1;/home/ricz/.local/share/dh-toolchains/llvm-mingw-20260908-ucrt-ubuntu-22.04-x86_64/lib/clang/23/include;/home/ricz/.local/share/dh-toolchains/llvm-mingw-20260908-ucrt-ubuntu-22.04-x86_64/x86_64-w64-mingw32/include]


Parsed CXX implicit link information from above output:
  link line regex: [^( *|.*[/\])(ld\.lld|CMAKE_LINK_STARTFILE-NOTFOUND|([^/\]+-)?ld|collect2)[^/\]*( |$)]
  ignore line: [Change Dir: /home/ricz/Ricz/Projetos/IntelliGames/Dragon Heroes/sim/build-windows/CMakeFiles/CMakeTmp]
  ignore line: []
  ignore line: [Run Build Command(s):/usr/bin/gmake -f Makefile cmTC_cde25/fast && /usr/bin/gmake  -f CMakeFiles/cmTC_cde25.dir/build.make CMakeFiles/cmTC_cde25.dir/build]
  ignore line: [gmake[1]: Entering directory '/home/ricz/Ricz/Projetos/IntelliGames/Dragon Heroes/sim/build-windows/CMakeFiles/CMakeTmp']
  ignore line: [Building CXX object CMakeFiles/cmTC_cde25.dir/CMakeCXXCompilerABI.cpp.obj]
  ignore line: [/home/ricz/.local/share/dh-toolchains/llvm-mingw-20260908-ucrt-ubuntu-22.04-x86_64/bin/x86_64-w64-mingw32-clang++   -v -MD -MT CMakeFiles/cmTC_cde25.dir/CMakeCXXCompilerABI.cpp.obj -MF CMakeFiles/cmTC_cde25.dir/CMakeCXXCompilerABI.cpp.obj.d -o CMakeFiles/cmTC_cde25.dir/CMakeCXXCompilerABI.cpp.obj -c /usr/share/cmake-3.22/Modules/CMakeCXXCompilerABI.cpp]
  ignore line: [clang version 23.1.1 (https://github.com/llvm/llvm-project.git 6dfe1677ab8dffbc6ec13d53a1e0215d75147689)]
  ignore line: [Target: x86_64-w64-windows-gnu]
  ignore line: [Thread model: posix]
  ignore line: [InstalledDir: /home/ricz/.local/share/dh-toolchains/llvm-mingw-20260908-ucrt-ubuntu-22.04-x86_64/bin]
  ignore line: [Configuration file: /home/ricz/.local/share/dh-toolchains/llvm-mingw-20260908-ucrt-ubuntu-22.04-x86_64/bin/x86_64-w64-windows-gnu.cfg]
  ignore line: [ (in-process)]
  ignore line: [ "/home/ricz/.local/share/dh-toolchains/llvm-mingw-20260908-ucrt-ubuntu-22.04-x86_64/bin/clang-23" -cc1 -triple x86_64-w64-windows-gnu -emit-obj -disable-free -clear-ast-before-backend -disable-llvm-verifier -discard-value-names -main-file-name CMakeCXXCompilerABI.cpp -mrelocation-model pic -pic-level 2 -mframe-pointer=none -fmath-errno -ffp-contract=on -fno-rounding-math -mconstructor-aliases -funwind-tables=2 -fno-sized-deallocation -fno-use-init-array -target-cpu x86-64 -tune-cpu generic -debugger-tuning=gdb "-fdebug-compilation-dir=/home/ricz/Ricz/Projetos/IntelliGames/Dragon Heroes/sim/build-windows/CMakeFiles/CMakeTmp" -v "-fcoverage-compilation-dir=/home/ricz/Ricz/Projetos/IntelliGames/Dragon Heroes/sim/build-windows/CMakeFiles/CMakeTmp" -resource-dir /home/ricz/.local/share/dh-toolchains/llvm-mingw-20260908-ucrt-ubuntu-22.04-x86_64/lib/clang/23 -dependency-file CMakeFiles/cmTC_cde25.dir/CMakeCXXCompilerABI.cpp.obj.d -MT CMakeFiles/cmTC_cde25.dir/CMakeCXXCompilerABI.cpp.obj -sys-header-deps -internal-isystem /home/ricz/.local/share/dh-toolchains/llvm-mingw-20260908-ucrt-ubuntu-22.04-x86_64/x86_64-w64-mingw32/include/c++/v1 -internal-isystem /home/ricz/.local/share/dh-toolchains/llvm-mingw-20260908-ucrt-ubuntu-22.04-x86_64/include/c++/v1 -internal-isystem /home/ricz/.local/share/dh-toolchains/llvm-mingw-20260908-ucrt-ubuntu-22.04-x86_64/lib/clang/23/include -internal-isystem /home/ricz/.local/share/dh-toolchains/llvm-mingw-20260908-ucrt-ubuntu-22.04-x86_64/x86_64-w64-mingw32/include -internal-isystem /home/ricz/.local/share/dh-toolchains/llvm-mingw-20260908-ucrt-ubuntu-22.04-x86_64/x86_64-w64-mingw32/usr/include -fdeprecated-macro -ferror-limit 19 -fno-use-cxa-atexit -fgnuc-version=4.2.1 -fskip-odr-check-in-gmf -fcxx-exceptions -fexceptions -exception-model=seh -faddrsig -o CMakeFiles/cmTC_cde25.dir/CMakeCXXCompilerABI.cpp.obj -x c++ /usr/share/cmake-3.22/Modules/CMakeCXXCompilerABI.cpp]
  ignore line: [clang -cc1 version 23.1.1 based upon LLVM 23.1.1 default target x86_64-unknown-linux-gnu]
  ignore line: [ignoring nonexistent directory "/home/ricz/.local/share/dh-toolchains/llvm-mingw-20260908-ucrt-ubuntu-22.04-x86_64/include/c++/v1"]
  ignore line: [ignoring nonexistent directory "/home/ricz/.local/share/dh-toolchains/llvm-mingw-20260908-ucrt-ubuntu-22.04-x86_64/x86_64-w64-mingw32/usr/include"]
  ignore line: [#include "..." search starts here:]
  ignore line: [#include <...> search starts here:]
  ignore line: [ /home/ricz/.local/share/dh-toolchains/llvm-mingw-20260908-ucrt-ubuntu-22.04-x86_64/x86_64-w64-mingw32/include/c++/v1]
  ignore line: [ /home/ricz/.local/share/dh-toolchains/llvm-mingw-20260908-ucrt-ubuntu-22.04-x86_64/lib/clang/23/include]
  ignore line: [ /home/ricz/.local/share/dh-toolchains/llvm-mingw-20260908-ucrt-ubuntu-22.04-x86_64/x86_64-w64-mingw32/include]
  ignore line: [End of search list.]
  ignore line: [Linking CXX executable cmTC_cde25.exe]
  ignore line: [/usr/bin/cmake -E cmake_link_script CMakeFiles/cmTC_cde25.dir/link.txt --verbose=1]
  ignore line: [/usr/bin/cmake -E rm -f CMakeFiles/cmTC_cde25.dir/objects.a]
  ignore line: [/home/ricz/.local/share/dh-toolchains/llvm-mingw-20260908-ucrt-ubuntu-22.04-x86_64/bin/x86_64-w64-mingw32-llvm-ar qc CMakeFiles/cmTC_cde25.dir/objects.a @CMakeFiles/cmTC_cde25.dir/objects1.rsp]
  ignore line: [/home/ricz/.local/share/dh-toolchains/llvm-mingw-20260908-ucrt-ubuntu-22.04-x86_64/bin/x86_64-w64-mingw32-clang++  -v -Wl --whole-archive CMakeFiles/cmTC_cde25.dir/objects.a -Wl --no-whole-archive -o cmTC_cde25.exe -Wl --out-implib libcmTC_cde25.dll.a -Wl --major-image-version 0 --minor-image-version 0 ]
  ignore line: [clang version 23.1.1 (https://github.com/llvm/llvm-project.git 6dfe1677ab8dffbc6ec13d53a1e0215d75147689)]
  ignore line: [Target: x86_64-w64-windows-gnu]
  ignore line: [Thread model: posix]
  ignore line: [InstalledDir: /home/ricz/.local/share/dh-toolchains/llvm-mingw-20260908-ucrt-ubuntu-22.04-x86_64/bin]
  ignore line: [Configuration file: /home/ricz/.local/share/dh-toolchains/llvm-mingw-20260908-ucrt-ubuntu-22.04-x86_64/bin/x86_64-w64-windows-gnu.cfg]
  link line: [ "/home/ricz/.local/share/dh-toolchains/llvm-mingw-20260908-ucrt-ubuntu-22.04-x86_64/bin/ld.lld" -m i386pep -Bdynamic -o cmTC_cde25.exe /home/ricz/.local/share/dh-toolchains/llvm-mingw-20260908-ucrt-ubuntu-22.04-x86_64/x86_64-w64-mingw32/lib/crt2.o /home/ricz/.local/share/dh-toolchains/llvm-mingw-20260908-ucrt-ubuntu-22.04-x86_64/x86_64-w64-mingw32/lib/crtbegin.o -L/home/ricz/.local/share/dh-toolchains/llvm-mingw-20260908-ucrt-ubuntu-22.04-x86_64/x86_64-w64-mingw32/lib -L/home/ricz/.local/share/dh-toolchains/llvm-mingw-20260908-ucrt-ubuntu-22.04-x86_64/x86_64-w64-mingw32/mingw/lib -L/home/ricz/.local/share/dh-toolchains/llvm-mingw-20260908-ucrt-ubuntu-22.04-x86_64/lib/clang/23/lib/windows --whole-archive CMakeFiles/cmTC_cde25.dir/objects.a --no-whole-archive --out-implib libcmTC_cde25.dll.a --major-image-version 0 --minor-image-version 0 -lc++ -lmingw32 /home/ricz/.local/share/dh-toolchains/llvm-mingw-20260908-ucrt-ubuntu-22.04-x86_64/lib/clang/23/lib/windows/libclang_rt.builtins-x86_64.a -lunwind -lmoldname -lmingwex -lmsvcrt -ladvapi32 -lshell32 -luser32 -lkernel32 -lmingw32 /home/ricz/.local/share/dh-toolchains/llvm-mingw-20260908-ucrt-ubuntu-22.04-x86_64/lib/clang/23/lib/windows/libclang_rt.builtins-x86_64.a -lunwind -lmoldname -lmingwex -lmsvcrt -lkernel32 /home/ricz/.local/share/dh-toolchains/llvm-mingw-20260908-ucrt-ubuntu-22.04-x86_64/x86_64-w64-mingw32/lib/crtend.o]
    arg [/home/ricz/.local/share/dh-toolchains/llvm-mingw-20260908-ucrt-ubuntu-22.04-x86_64/bin/ld.lld] ==> ignore
    arg [-m] ==> ignore
    arg [i386pep] ==> ignore
    arg [-Bdynamic] ==> search dynamic
    arg [-o] ==> ignore
    arg [cmTC_cde25.exe] ==> ignore
    arg [/home/ricz/.local/share/dh-toolchains/llvm-mingw-20260908-ucrt-ubuntu-22.04-x86_64/x86_64-w64-mingw32/lib/crt2.o] ==> obj [/home/ricz/.local/share/dh-toolchains/llvm-mingw-20260908-ucrt-ubuntu-22.04-x86_64/x86_64-w64-mingw32/lib/crt2.o]
    arg [/home/ricz/.local/share/dh-toolchains/llvm-mingw-20260908-ucrt-ubuntu-22.04-x86_64/x86_64-w64-mingw32/lib/crtbegin.o] ==> obj [/home/ricz/.local/share/dh-toolchains/llvm-mingw-20260908-ucrt-ubuntu-22.04-x86_64/x86_64-w64-mingw32/lib/crtbegin.o]
    arg [-L/home/ricz/.local/share/dh-toolchains/llvm-mingw-20260908-ucrt-ubuntu-22.04-x86_64/x86_64-w64-mingw32/lib] ==> dir [/home/ricz/.local/share/dh-toolchains/llvm-mingw-20260908-ucrt-ubuntu-22.04-x86_64/x86_64-w64-mingw32/lib]
    arg [-L/home/ricz/.local/share/dh-toolchains/llvm-mingw-20260908-ucrt-ubuntu-22.04-x86_64/x86_64-w64-mingw32/mingw/lib] ==> dir [/home/ricz/.local/share/dh-toolchains/llvm-mingw-20260908-ucrt-ubuntu-22.04-x86_64/x86_64-w64-mingw32/mingw/lib]
    arg [-L/home/ricz/.local/share/dh-toolchains/llvm-mingw-20260908-ucrt-ubuntu-22.04-x86_64/lib/clang/23/lib/windows] ==> dir [/home/ricz/.local/share/dh-toolchains/llvm-mingw-20260908-ucrt-ubuntu-22.04-x86_64/lib/clang/23/lib/windows]
    arg [--whole-archive] ==> ignore
    arg [CMakeFiles/cmTC_cde25.dir/objects.a] ==> ignore
    arg [--no-whole-archive] ==> ignore
    arg [--out-implib] ==> ignore
    arg [libcmTC_cde25.dll.a] ==> ignore
    arg [--major-image-version] ==> ignore
    arg [0] ==> ignore
    arg [--minor-image-version] ==> ignore
    arg [0] ==> ignore
    arg [-lc++] ==> lib [c++]
    arg [-lmingw32] ==> lib [mingw32]
    arg [/home/ricz/.local/share/dh-toolchains/llvm-mingw-20260908-ucrt-ubuntu-22.04-x86_64/lib/clang/23/lib/windows/libclang_rt.builtins-x86_64.a] ==> lib [/home/ricz/.local/share/dh-toolchains/llvm-mingw-20260908-ucrt-ubuntu-22.04-x86_64/lib/clang/23/lib/windows/libclang_rt.builtins-x86_64.a]
    arg [-lunwind] ==> lib [unwind]
    arg [-lmoldname] ==> lib [moldname]
    arg [-lmingwex] ==> lib [mingwex]
    arg [-lmsvcrt] ==> lib [msvcrt]
    arg [-ladvapi32] ==> lib [advapi32]
    arg [-lshell32] ==> lib [shell32]
    arg [-luser32] ==> lib [user32]
    arg [-lkernel32] ==> lib [kernel32]
    arg [-lmingw32] ==> lib [mingw32]
    arg [/home/ricz/.local/share/dh-toolchains/llvm-mingw-20260908-ucrt-ubuntu-22.04-x86_64/lib/clang/23/lib/windows/libclang_rt.builtins-x86_64.a] ==> lib [/home/ricz/.local/share/dh-toolchains/llvm-mingw-20260908-ucrt-ubuntu-22.04-x86_64/lib/clang/23/lib/windows/libclang_rt.builtins-x86_64.a]
    arg [-lunwind] ==> lib [unwind]
    arg [-lmoldname] ==> lib [moldname]
    arg [-lmingwex] ==> lib [mingwex]
    arg [-lmsvcrt] ==> lib [msvcrt]
    arg [-lkernel32] ==> lib [kernel32]
    arg [/home/ricz/.local/share/dh-toolchains/llvm-mingw-20260908-ucrt-ubuntu-22.04-x86_64/x86_64-w64-mingw32/lib/crtend.o] ==> obj [/home/ricz/.local/share/dh-toolchains/llvm-mingw-20260908-ucrt-ubuntu-22.04-x86_64/x86_64-w64-mingw32/lib/crtend.o]
  remove lib [/home/ricz/.local/share/dh-toolchains/llvm-mingw-20260908-ucrt-ubuntu-22.04-x86_64/lib/clang/23/lib/windows/libclang_rt.builtins-x86_64.a]
  remove lib [msvcrt]
  remove lib [/home/ricz/.local/share/dh-toolchains/llvm-mingw-20260908-ucrt-ubuntu-22.04-x86_64/lib/clang/23/lib/windows/libclang_rt.builtins-x86_64.a]
  remove lib [msvcrt]
  collapse library dir [/home/ricz/.local/share/dh-toolchains/llvm-mingw-20260908-ucrt-ubuntu-22.04-x86_64/x86_64-w64-mingw32/lib] ==> [/home/ricz/.local/share/dh-toolchains/llvm-mingw-20260908-ucrt-ubuntu-22.04-x86_64/x86_64-w64-mingw32/lib]
  collapse library dir [/home/ricz/.local/share/dh-toolchains/llvm-mingw-20260908-ucrt-ubuntu-22.04-x86_64/x86_64-w64-mingw32/mingw/lib] ==> [/home/ricz/.local/share/dh-toolchains/llvm-mingw-20260908-ucrt-ubuntu-22.04-x86_64/x86_64-w64-mingw32/mingw/lib]
  collapse library dir [/home/ricz/.local/share/dh-toolchains/llvm-mingw-20260908-ucrt-ubuntu-22.04-x86_64/lib/clang/23/lib/windows] ==> [/home/ricz/.local/share/dh-toolchains/llvm-mingw-20260908-ucrt-ubuntu-22.04-x86_64/lib/clang/23/lib/windows]
  implicit libs: [c++;mingw32;unwind;moldname;mingwex;advapi32;shell32;user32;kernel32;mingw32;unwind;moldname;mingwex;kernel32]
  implicit objs: [/home/ricz/.local/share/dh-toolchains/llvm-mingw-20260908-ucrt-ubuntu-22.04-x86_64/x86_64-w64-mingw32/lib/crt2.o;/home/ricz/.local/share/dh-toolchains/llvm-mingw-20260908-ucrt-ubuntu-22.04-x86_64/x86_64-w64-mingw32/lib/crtbegin.o;/home/ricz/.local/share/dh-toolchains/llvm-mingw-20260908-ucrt-ubuntu-22.04-x86_64/x86_64-w64-mingw32/lib/crtend.o]
  implicit dirs: [/home/ricz/.local/share/dh-toolchains/llvm-mingw-20260908-ucrt-ubuntu-22.04-x86_64/x86_64-w64-mingw32/lib;/home/ricz/.local/share/dh-toolchains/llvm-mingw-20260908-ucrt-ubuntu-22.04-x86_64/x86_64-w64-mingw32/mingw/lib;/home/ricz/.local/share/dh-toolchains/llvm-mingw-20260908-ucrt-ubuntu-22.04-x86_64/lib/clang/23/lib/windows]
  implicit fwks: []


